
Allocating common symbols
Common symbol       size              file

Read_length         0x1               esp8266.o
uart_rec            0xa               init.o
nmi_caller          0x4               1c102_cmdline.o
exti_irq_handle     0x80              1c102_Interrupt.o
STS                 0x1               ls1c102_i2c.o
Circular_queue      0x130             queue.o
uart_rec_len        0x1               init.o
_rand_next          0x4               ls1x_printf.o
Flash_pe            0x1               ls1x_flash.o
Read_Buffer         0x12c             esp8266.o

Discarded input sections

 .text          0x0000000000000000       0x14 start.o
 .data          0x0000000000000000        0x0 start.o
 .bss           0x0000000000000000        0x0 start.o
 .data          0x0000000000000000        0x0 serial.o
 .bss           0x0000000000000000        0x0 serial.o
 .data          0x0000000000000000        0x0 wakeup.o
 .bss           0x0000000000000000        0x0 wakeup.o
 .text          0x0000000000000000        0x0 UserGpio.o
 .data          0x0000000000000000        0x0 UserGpio.o
 .bss           0x0000000000000000        0x0 UserGpio.o
 .eh_frame      0x0000000000000000       0x3c UserGpio.o
 .text          0x0000000000000000        0x0 init.o
 .data          0x0000000000000000        0x0 init.o
 .bss           0x0000000000000000        0x0 init.o
 .eh_frame      0x0000000000000000       0x3c init.o
 COMMON         0x0000000000000000        0xb init.o
 .text          0x0000000000000000        0x0 ls1x_gpio.o
 .data          0x0000000000000000        0x0 ls1x_gpio.o
 .bss           0x0000000000000000        0x0 ls1x_gpio.o
 .text.GPIO_Init
                0x0000000000000000       0x68 ls1x_gpio.o
 .text.gpio_set_direction
                0x0000000000000000      0x128 ls1x_gpio.o
 .text.gpio_set_InputStatus
                0x0000000000000000      0x128 ls1x_gpio.o
 .eh_frame      0x0000000000000000      0x110 ls1x_gpio.o
 .text          0x0000000000000000        0x0 ls1x_spi.o
 .data          0x0000000000000000        0x0 ls1x_spi.o
 .bss           0x0000000000000000        0x0 ls1x_spi.o
 .rodata        0x0000000000000000       0x42 ls1x_spi.o
 .text.Spi_FreqDiv
                0x0000000000000000      0x140 ls1x_spi.o
 .text.Spi_Init
                0x0000000000000000       0x70 ls1x_spi.o
 .text.Spi_Write_Read_1to4
                0x0000000000000000       0xf0 ls1x_spi.o
 .text.Spi_Write_Read_N
                0x0000000000000000      0x124 ls1x_spi.o
 .text.Spi_Cs_Down
                0x0000000000000000       0x58 ls1x_spi.o
 .text.Spi_Cs_Up
                0x0000000000000000       0x54 ls1x_spi.o
 .text.Spi_Send
                0x0000000000000000       0x40 ls1x_spi.o
 .text.Spiflash_Rdsr
                0x0000000000000000       0x4c ls1x_spi.o
 .text.Spiflash_Wait_Wip_Zero
                0x0000000000000000       0x38 ls1x_spi.o
 .text.Spiflash_Wren
                0x0000000000000000       0x4c ls1x_spi.o
 .text.Spiflash_Wrsr
                0x0000000000000000       0x5c ls1x_spi.o
 .text.Spiflash_Rdsr2
                0x0000000000000000       0x4c ls1x_spi.o
 .text.Spiflash_Rdsr3
                0x0000000000000000       0x4c ls1x_spi.o
 .text.Spiflash_Rdid
                0x0000000000000000       0x68 ls1x_spi.o
 .text.Spiflash_Sector_Erase
                0x0000000000000000       0x90 ls1x_spi.o
 .text.Spiflash_Block64k_Erase
                0x0000000000000000       0x90 ls1x_spi.o
 .text.Spiflash_Page_Program
                0x0000000000000000       0xa4 ls1x_spi.o
 .text.Spiflash_Read_Bytes
                0x0000000000000000       0x9c ls1x_spi.o
 .text.SPI_TransByte
                0x0000000000000000       0xe8 ls1x_spi.o
 .text.SpiFlashCsn0Enable
                0x0000000000000000       0x28 ls1x_spi.o
 .text.SpiFlashCsn0Disable
                0x0000000000000000       0x28 ls1x_spi.o
 .comment       0x0000000000000000       0x12 ls1x_spi.o
 .eh_frame      0x0000000000000000      0x320 ls1x_spi.o
 .text          0x0000000000000000        0x0 ls1x_printf.o
 .data          0x0000000000000000        0x0 ls1x_printf.o
 .bss           0x0000000000000000        0x0 ls1x_printf.o
 .rodata        0x0000000000000000        0x7 ls1x_printf.o
 .text.printBuf
                0x0000000000000000       0x78 ls1x_printf.o
 .text.myputchar2
                0x0000000000000000       0x84 ls1x_printf.o
 .text.mygetchar
                0x0000000000000000       0x38 ls1x_printf.o
 .text.printbase2
                0x0000000000000000      0x178 ls1x_printf.o
 .text.puts2    0x0000000000000000       0x88 ls1x_printf.o
 .text.myprintf2
                0x0000000000000000      0x414 ls1x_printf.o
 .rodata.myprintf2
                0x0000000000000000      0x150 ls1x_printf.o
 .text.vsputs   0x0000000000000000       0x54 ls1x_printf.o
 .text.vsputchar
                0x0000000000000000       0x44 ls1x_printf.o
 .text.vsprintbase
                0x0000000000000000      0x17c ls1x_printf.o
 .text.vsprintf
                0x0000000000000000      0x3d8 ls1x_printf.o
 .rodata.vsprintf
                0x0000000000000000      0x150 ls1x_printf.o
 .text.sprintf  0x0000000000000000       0x6c ls1x_printf.o
 .text.rand     0x0000000000000000       0x5c ls1x_printf.o
 .eh_frame      0x0000000000000000      0x27c ls1x_printf.o
 COMMON         0x0000000000000000        0x4 ls1x_printf.o
 .text          0x0000000000000000        0x0 ls1x_uart.o
 .data          0x0000000000000000        0x0 ls1x_uart.o
 .bss           0x0000000000000000        0x0 ls1x_uart.o
 .text.Uart_init
                0x0000000000000000       0xa4 ls1x_uart.o
 .text.UART_GetFlagStatus
                0x0000000000000000       0x64 ls1x_uart.o
 .text.UART_GetITStatus
                0x0000000000000000       0x60 ls1x_uart.o
 .text.UART_ClearITPendingBit
                0x0000000000000000       0xa4 ls1x_uart.o
 .text.x_getchar
                0x0000000000000000       0x2c ls1x_uart.o
 .text.UartInit
                0x0000000000000000       0x6c ls1x_uart.o
 .text.Uart2_init
                0x0000000000000000       0x7c ls1x_uart.o
 .text.Uart1_init_test
                0x0000000000000000       0x80 ls1x_uart.o
 .text.Uart0_send
                0x0000000000000000       0x3c ls1x_uart.o
 .text.Uart1_send
                0x0000000000000000       0x3c ls1x_uart.o
 .text.Uart2_send
                0x0000000000000000       0x3c ls1x_uart.o
 .eh_frame      0x0000000000000000      0x2cc ls1x_uart.o
 .text          0x0000000000000000        0x0 ls1x_clock.o
 .data          0x0000000000000000        0x0 ls1x_clock.o
 .bss           0x0000000000000000        0x0 ls1x_clock.o
 .text.CLOCK_checkSelect
                0x0000000000000000       0xc0 ls1x_clock.o
 .text.CLOCK_GetFlagStatus
                0x0000000000000000       0x3c ls1x_clock.o
 .text.CLOCK_GetClocksFreq
                0x0000000000000000       0x6c ls1x_clock.o
 .eh_frame      0x0000000000000000      0x18c ls1x_clock.o
 .text          0x0000000000000000        0x0 ls1x_common.o
 .data          0x0000000000000000        0x0 ls1x_common.o
 .bss           0x0000000000000000        0x0 ls1x_common.o
 .text.DisableExtInt
                0x0000000000000000       0x40 ls1x_common.o
 .text.EnableExtInt
                0x0000000000000000       0x3c ls1x_common.o
 .text.Set_soft_int
                0x0000000000000000       0x24 ls1x_common.o
 .text.Set_soft_stop
                0x0000000000000000       0x24 ls1x_common.o
 .text.Set_Timer_Init
                0x0000000000000000       0x30 ls1x_common.o
 .text.Wake_256sec_Set
                0x0000000000000000       0xa8 ls1x_common.o
 .eh_frame      0x0000000000000000      0x19c ls1x_common.o
 .text          0x0000000000000000        0x0 ls1x_pmu.o
 .data          0x0000000000000000        0x0 ls1x_pmu.o
 .bss           0x0000000000000000        0x0 ls1x_pmu.o
 .eh_frame      0x0000000000000000       0x58 ls1x_pmu.o
 .text          0x0000000000000000        0x0 ls1x_logo.o
 .data          0x0000000000000000        0x0 ls1x_logo.o
 .bss           0x0000000000000000        0x0 ls1x_logo.o
 .eh_frame      0x0000000000000000       0x3c ls1x_logo.o
 .text          0x0000000000000000        0x0 ls1x_latimer.o
 .data          0x0000000000000000        0x0 ls1x_latimer.o
 .bss           0x0000000000000000        0x0 ls1x_latimer.o
 .text.close_count
                0x0000000000000000       0x24 ls1x_latimer.o
 .text.delay_s  0x0000000000000000       0x3c ls1x_latimer.o
 .text.SetTime  0x0000000000000000       0x54 ls1x_latimer.o
 .text.CompareTime
                0x0000000000000000       0x50 ls1x_latimer.o
 .eh_frame      0x0000000000000000      0x19c ls1x_latimer.o
 .text          0x0000000000000000        0x0 ls1x_string.o
 .data          0x0000000000000000        0x0 ls1x_string.o
 .bss           0x0000000000000000        0x0 ls1x_string.o
 .text.memcmp   0x0000000000000000       0x88 ls1x_string.o
 .text.memcpy   0x0000000000000000       0x70 ls1x_string.o
 .text.memset   0x0000000000000000       0x60 ls1x_string.o
 .text.strstr   0x0000000000000000       0xe0 ls1x_string.o
 .text.pstrstr  0x0000000000000000       0xc8 ls1x_string.o
 .text.strchr   0x0000000000000000       0x80 ls1x_string.o
 .text.atoi     0x0000000000000000       0xe4 ls1x_string.o
 .text.itoa     0x0000000000000000      0x17c ls1x_string.o
 .text.strcat   0x0000000000000000       0xa0 ls1x_string.o
 .text.strcmp   0x0000000000000000       0x84 ls1x_string.o
 .text.strncmp  0x0000000000000000       0xa0 ls1x_string.o
 .text.strcpy   0x0000000000000000       0x5c ls1x_string.o
 .text.strlen   0x0000000000000000       0x4c ls1x_string.o
 .text.isContained
                0x0000000000000000       0x78 ls1x_string.o
 .text.strtok_r
                0x0000000000000000      0x1d4 ls1x_string.o
 .text.str_to_hex
                0x0000000000000000       0xf4 ls1x_string.o
 .text.atohex   0x0000000000000000      0x164 ls1x_string.o
 .comment       0x0000000000000000       0x12 ls1x_string.o
 .eh_frame      0x0000000000000000      0x27c ls1x_string.o
 .text          0x0000000000000000        0x0 ls1x_flash.o
 .data          0x0000000000000000        0x0 ls1x_flash.o
 .bss           0x0000000000000000        0x0 ls1x_flash.o
 .text.FLASH_ErasePage
                0x0000000000000000       0x50 ls1x_flash.o
 .text.FLASH_EraseUserFlash
                0x0000000000000000       0x9c ls1x_flash.o
 .text.FLASH_ReadPage
                0x0000000000000000       0xa4 ls1x_flash.o
 .text.FLASH_WitePage
                0x0000000000000000      0x48c ls1x_flash.o
 .text.ls1c_flash_write2
                0x0000000000000000      0x17c ls1x_flash.o
 .text.ls1c_flash_write_data
                0x0000000000000000      0x144 ls1x_flash.o
 .text.FLASH_WaitForPeEnd
                0x0000000000000000       0x80 ls1x_flash.o
 .text.FLASH_GetStatus
                0x0000000000000000       0x34 ls1x_flash.o
 .text.FLASH_GetFlagStatus
                0x0000000000000000       0x4c ls1x_flash.o
 .text.FLASH_ITConfig
                0x0000000000000000       0x64 ls1x_flash.o
 .text.FLASH_ITCmd
                0x0000000000000000       0x68 ls1x_flash.o
 .text.FLASH_ClearIT
                0x0000000000000000       0x50 ls1x_flash.o
 .text.FLASH_WiteTest
                0x0000000000000000       0xa4 ls1x_flash.o
 .rodata        0x0000000000000000        0xa ls1x_flash.o
 .text.FLASH_ReadTest
                0x0000000000000000       0xc0 ls1x_flash.o
 .comment       0x0000000000000000       0x12 ls1x_flash.o
 .eh_frame      0x0000000000000000      0x21c ls1x_flash.o
 COMMON         0x0000000000000000        0x1 ls1x_flash.o
 .text          0x0000000000000000        0x0 ls1x_rtc.o
 .data          0x0000000000000000        0x0 ls1x_rtc.o
 .bss           0x0000000000000000        0x0 ls1x_rtc.o
 .text.Rtc_Read
                0x0000000000000000       0xec ls1x_rtc.o
 .text.Rtc_Write
                0x0000000000000000      0x16c ls1x_rtc.o
 .text.RtcUpdateData
                0x0000000000000000       0x4c ls1x_rtc.o
 .comment       0x0000000000000000       0x12 ls1x_rtc.o
 .eh_frame      0x0000000000000000       0x80 ls1x_rtc.o
 .text          0x0000000000000000        0x0 ls1x_exti.o
 .data          0x0000000000000000        0x0 ls1x_exti.o
 .bss           0x0000000000000000        0x0 ls1x_exti.o
 .text.EXTI_DeInit
                0x0000000000000000       0x40 ls1x_exti.o
 .text.EXTI_Init
                0x0000000000000000      0x188 ls1x_exti.o
 .text.EXTI_StructInit
                0x0000000000000000       0x44 ls1x_exti.o
 .text.EXTI_GetFlagStatus
                0x0000000000000000       0x50 ls1x_exti.o
 .text.EXTI_ClearFlag
                0x0000000000000000       0x3c ls1x_exti.o
 .text.EXTI_GetITStatus
                0x0000000000000000       0x70 ls1x_exti.o
 .eh_frame      0x0000000000000000       0xfc ls1x_exti.o
 .text          0x0000000000000000        0x0 ls1x_wdg.o
 .data          0x0000000000000000        0x0 ls1x_wdg.o
 .bss           0x0000000000000000        0x0 ls1x_wdg.o
 .eh_frame      0x0000000000000000       0xa4 ls1x_wdg.o
 .text          0x0000000000000000        0x0 myi2c.o
 .data          0x0000000000000000        0x0 myi2c.o
 .bss           0x0000000000000000        0x0 myi2c.o
 .text.MyI2C_W_Bytes
                0x0000000000000000      0x114 myi2c.o
 .text.MyIIC_R_Bytes
                0x0000000000000000      0x160 myi2c.o
 .eh_frame      0x0000000000000000      0x1a4 myi2c.o
 .text          0x0000000000000000        0x0 ls1c102_i2c.o
 .data          0x0000000000000000        0x0 ls1c102_i2c.o
 .bss           0x0000000000000000        0x0 ls1c102_i2c.o
 .text.I2C_delay_my
                0x0000000000000000       0x3c ls1c102_i2c.o
 .text.I2C_ITConfig
                0x0000000000000000       0x6c ls1c102_i2c.o
 .text.I2C_ITCmd
                0x0000000000000000       0x90 ls1c102_i2c.o
 .text.I2C_AcknowledgeConfig
                0x0000000000000000       0x6c ls1c102_i2c.o
 .text.I2C_ReceiveData
                0x0000000000000000       0x60 ls1c102_i2c.o
 .rodata        0x0000000000000000       0xaf ls1c102_i2c.o
 .text.I2C_Send7bitAddress
                0x0000000000000000       0xac ls1c102_i2c.o
 .text.I2C_ReadRegister
                0x0000000000000000       0x50 ls1c102_i2c.o
 .text.I2C_ClearFlag
                0x0000000000000000       0x48 ls1c102_i2c.o
 .text.I2C_GetStatus
                0x0000000000000000       0x5c ls1c102_i2c.o
 .text.I2C_ClearIT
                0x0000000000000000       0x50 ls1c102_i2c.o
 .text.I2C_BUSY
                0x0000000000000000       0x48 ls1c102_i2c.o
 .text.CAT24_Write
                0x0000000000000000      0x15c ls1c102_i2c.o
 .text.CAT24_Read
                0x0000000000000000      0x160 ls1c102_i2c.o
 .text.CAT24_Write_Int
                0x0000000000000000      0x140 ls1c102_i2c.o
 .text.CAT24_Read_Int
                0x0000000000000000      0x16c ls1c102_i2c.o
 .eh_frame      0x0000000000000000      0x334 ls1c102_i2c.o
 COMMON         0x0000000000000000        0x1 ls1c102_i2c.o
 .text          0x0000000000000000        0x0 ls1c102_vpwm.o
 .data          0x0000000000000000        0x0 ls1c102_vpwm.o
 .bss           0x0000000000000000        0x0 ls1c102_vpwm.o
 .comment       0x0000000000000000       0x12 ls1c102_vpwm.o
 .text          0x0000000000000000        0x0 ls1c102_adc.o
 .data          0x0000000000000000        0x0 ls1c102_adc.o
 .bss           0x0000000000000000        0x0 ls1c102_adc.o
 .text.Adc_powerOff
                0x0000000000000000       0x50 ls1c102_adc.o
 .text.Adc_close
                0x0000000000000000       0xe4 ls1c102_adc.o
 .text.Adc_openGroup
                0x0000000000000000       0xa0 ls1c102_adc.o
 .text.Adc_closeGroup
                0x0000000000000000       0xd4 ls1c102_adc.o
 .text.Adc_singleMeasure
                0x0000000000000000       0x90 ls1c102_adc.o
 .text.Adc_getVoltage
                0x0000000000000000       0x68 ls1c102_adc.o
 .eh_frame      0x0000000000000000      0x170 ls1c102_adc.o
 .text          0x0000000000000000        0x0 ls1c102_touch.o
 .data          0x0000000000000000        0x0 ls1c102_touch.o
 .bss           0x0000000000000000        0x0 ls1c102_touch.o
 .text.Touch_CountBaseInit
                0x0000000000000000       0x90 ls1c102_touch.o
 .text.Touch_PerformInit
                0x0000000000000000       0x88 ls1c102_touch.o
 .text.Touch_ControlConfig
                0x0000000000000000       0xc8 ls1c102_touch.o
 .text.TOUCH_Cmd
                0x0000000000000000       0x68 ls1c102_touch.o
 .text.TOUCH_EnablePollScan
                0x0000000000000000       0x30 ls1c102_touch.o
 .text.TOUCH_disablePollScan
                0x0000000000000000       0x34 ls1c102_touch.o
 .text.TOUCH_EnableSingleScan
                0x0000000000000000       0x30 ls1c102_touch.o
 .text.TOUCH_GetDownTh
                0x0000000000000000       0x48 ls1c102_touch.o
 .text.TOUCH_SetDownTh
                0x0000000000000000       0x7c ls1c102_touch.o
 .text.TOUCH_SetBaseVal
                0x0000000000000000       0x7c ls1c102_touch.o
 .text.TOUCH_SetChnAttr
                0x0000000000000000       0x7c ls1c102_touch.o
 .text.TOUCH_SetAllChnAttr
                0x0000000000000000       0x64 ls1c102_touch.o
 .text.TOUCH_SetAllChnAttr2
                0x0000000000000000       0x90 ls1c102_touch.o
 .text.TOUCH_Init
                0x0000000000000000       0xfc ls1c102_touch.o
 .eh_frame      0x0000000000000000      0x2bc ls1c102_touch.o
 .text          0x0000000000000000        0x0 ls1c102_ptimer.o
 .data          0x0000000000000000        0x0 ls1c102_ptimer.o
 .bss           0x0000000000000000        0x0 ls1c102_ptimer.o
 .text.TIM_Init
                0x0000000000000000       0xd8 ls1c102_ptimer.o
 .text.TIM_StructInit
                0x0000000000000000       0x7c ls1c102_ptimer.o
 .text.TIM_Cmd  0x0000000000000000       0x54 ls1c102_ptimer.o
 .text.TIM_ITConfig
                0x0000000000000000       0x90 ls1c102_ptimer.o
 .text.TIM_GetCounter
                0x0000000000000000       0x34 ls1c102_ptimer.o
 .text.TIM_SetCounter
                0x0000000000000000       0x30 ls1c102_ptimer.o
 .text.TIM_SetCompare
                0x0000000000000000       0x30 ls1c102_ptimer.o
 .text.TIM_GetCompare
                0x0000000000000000       0x34 ls1c102_ptimer.o
 .eh_frame      0x0000000000000000      0x168 ls1c102_ptimer.o
 .text          0x0000000000000000        0x0 1c102_cmdline.o
 .data          0x0000000000000000        0x0 1c102_cmdline.o
 .bss           0x0000000000000000        0x0 1c102_cmdline.o
 .rodata        0x0000000000000000      0x3a8 1c102_cmdline.o
 .data.cmd      0x0000000000000000      0x1f0 1c102_cmdline.o
 .text.do_exit  0x0000000000000000       0x28 1c102_cmdline.o
 .text.do_help  0x0000000000000000      0x208 1c102_cmdline.o
 .text.cmdline  0x0000000000000000      0xdbc 1c102_cmdline.o
 .comment       0x0000000000000000       0x12 1c102_cmdline.o
 .eh_frame      0x0000000000000000       0x84 1c102_cmdline.o
 COMMON         0x0000000000000000        0x4 1c102_cmdline.o
 .text          0x0000000000000000        0x0 1c102_cmd.o
 .data          0x0000000000000000        0x0 1c102_cmd.o
 .bss           0x0000000000000000        0x0 1c102_cmd.o
 .text.do_nothing
                0x0000000000000000       0x20 1c102_cmd.o
 .rodata        0x0000000000000000      0x875 1c102_cmd.o
 .text.do_d1    0x0000000000000000      0x114 1c102_cmd.o
 .text.do_d4    0x0000000000000000      0x120 1c102_cmd.o
 .text.do_m1    0x0000000000000000       0x90 1c102_cmd.o
 .text.do_m4    0x0000000000000000       0x8c 1c102_cmd.o
 .text.str2num  0x0000000000000000      0x214 1c102_cmd.o
 .text.v_play   0x0000000000000000       0x68 1c102_cmd.o
 .text.touch_reg_show
                0x0000000000000000      0x100 1c102_cmd.o
 .text.touch_value_show
                0x0000000000000000       0xd4 1c102_cmd.o
 .text.touch_test
                0x0000000000000000      0x274 1c102_cmd.o
 .text.hpet     0x0000000000000000      0x100 1c102_cmd.o
 .text.latimer  0x0000000000000000       0x94 1c102_cmd.o
 .text.delay    0x0000000000000000      0x104 1c102_cmd.o
 .text.wakeup   0x0000000000000000       0x90 1c102_cmd.o
 .text.a_to_n   0x0000000000000000       0x60 1c102_cmd.o
 .text.date     0x0000000000000000      0x48c 1c102_cmd.o
 .text.watch_dog
                0x0000000000000000       0x84 1c102_cmd.o
 .text.i2cp     0x0000000000000000       0x4c 1c102_cmd.o
 .text.i2cw     0x0000000000000000      0x10c 1c102_cmd.o
 .text.i2cr     0x0000000000000000       0xe0 1c102_cmd.o
 .text.adc      0x0000000000000000      0x1a4 1c102_cmd.o
 .text.batdet   0x0000000000000000      0x170 1c102_cmd.o
 .text.copy     0x0000000000000000      0x190 1c102_cmd.o
 .text.uart_init
                0x0000000000000000       0xac 1c102_cmd.o
 .text.sleep    0x0000000000000000       0xa4 1c102_cmd.o
 .text.spi_init
                0x0000000000000000       0x68 1c102_cmd.o
 .text.spi_write
                0x0000000000000000      0x134 1c102_cmd.o
 .text.spi_read
                0x0000000000000000      0x174 1c102_cmd.o
 .text.spi_erase
                0x0000000000000000       0x90 1c102_cmd.o
 .text.spi_flash
                0x0000000000000000      0x258 1c102_cmd.o
 .text.gpio_int_test
                0x0000000000000000       0x9c 1c102_cmd.o
 .text.gpio_int
                0x0000000000000000       0x34 1c102_cmd.o
 .text.tmp      0x0000000000000000       0x50 1c102_cmd.o
 .text.m4_flash
                0x0000000000000000       0xb4 1c102_cmd.o
 .text.copy_iram
                0x0000000000000000      0x138 1c102_cmd.o
 .comment       0x0000000000000000       0x12 1c102_cmd.o
 .eh_frame      0x0000000000000000      0x57c 1c102_cmd.o
 .text          0x0000000000000000        0x0 1c102_Interrupt.o
 .data          0x0000000000000000        0x0 1c102_Interrupt.o
 .bss           0x0000000000000000        0x0 1c102_Interrupt.o
 .text.SOFT_INT
                0x0000000000000000       0x34 1c102_Interrupt.o
 .text.TIMER_8M_INT
                0x0000000000000000       0x44 1c102_Interrupt.o
 .text.INTC     0x0000000000000000       0x1c 1c102_Interrupt.o
 .text.RING     0x0000000000000000       0x1c 1c102_Interrupt.o
 .eh_frame      0x0000000000000000      0x624 1c102_Interrupt.o
 COMMON         0x0000000000000000       0x80 1c102_Interrupt.o
 .text          0x0000000000000000        0x0 1c102_main.o
 .data          0x0000000000000000        0x0 1c102_main.o
 .bss           0x0000000000000000        0x0 1c102_main.o
 .eh_frame      0x0000000000000000       0x34 1c102_main.o
 .text          0x0000000000000000        0x0 mpu9250.o
 .data          0x0000000000000000        0x0 mpu9250.o
 .bss           0x0000000000000000        0x0 mpu9250.o
 .text.MPU9250_GetID
                0x0000000000000000       0x3c mpu9250.o
 .eh_frame      0x0000000000000000       0xb4 mpu9250.o
 .text          0x0000000000000000        0x0 myoled.o
 .data          0x0000000000000000        0x0 myoled.o
 .bss           0x0000000000000000        0x0 myoled.o
 .data.MyOLED_I2C
                0x0000000000000000        0x2 myoled.o
 .text.MyOLED_W_Command
                0x0000000000000000       0x9c myoled.o
 .text.MyOLED_W_Data
                0x0000000000000000       0x9c myoled.o
 .text.MyOLED_Init
                0x0000000000000000      0x114 myoled.o
 .text.MyOLED_Set_Pos
                0x0000000000000000       0x80 myoled.o
 .text.MyOLED_Clear
                0x0000000000000000       0x78 myoled.o
 .text.MyOLED_Full
                0x0000000000000000       0x8c myoled.o
 .text.MyOLED_Display_On
                0x0000000000000000       0x3c myoled.o
 .text.MyOLED_Display_Off
                0x0000000000000000       0x3c myoled.o
 .text.MyOLED_TEST
                0x0000000000000000       0x90 myoled.o
 .comment       0x0000000000000000       0x12 myoled.o
 .eh_frame      0x0000000000000000      0x174 myoled.o
 .text          0x0000000000000000        0x0 light.o
 .data          0x0000000000000000        0x0 light.o
 .bss           0x0000000000000000        0x0 light.o
 .eh_frame      0x0000000000000000       0x5c light.o
 .text          0x0000000000000000        0x0 oled96.o
 .data          0x0000000000000000        0x0 oled96.o
 .bss           0x0000000000000000        0x0 oled96.o
 .text.I2C_delay
                0x0000000000000000       0x3c oled96.o
 .text.OLED_Full
                0x0000000000000000       0x78 oled96.o
 .eh_frame      0x0000000000000000      0x1c4 oled96.o
 .text          0x0000000000000000        0x0 queue.o
 .data          0x0000000000000000        0x0 queue.o
 .bss           0x0000000000000000        0x0 queue.o
 .text.Queue_Init
                0x0000000000000000       0x4c queue.o
 .text.Queue_isEmpty
                0x0000000000000000       0x50 queue.o
 .text.Queue_isFull
                0x0000000000000000       0x64 queue.o
 .text.Queue_HadUse
                0x0000000000000000       0x64 queue.o
 .text.Queue_Read
                0x0000000000000000       0xdc queue.o
 .eh_frame      0x0000000000000000      0x114 queue.o
 .text          0x0000000000000000        0x0 aht10.o
 .data          0x0000000000000000        0x0 aht10.o
 .bss           0x0000000000000000        0x0 aht10.o
 .text.ATH10_Check
                0x0000000000000000       0x68 aht10.o
 .rodata        0x0000000000000000        0x9 aht10.o
 .text.ATH10_ReadData
                0x0000000000000000      0x250 aht10.o
 .eh_frame      0x0000000000000000       0x90 aht10.o
 .text          0x0000000000000000        0x0 myesp8266.o
 .data          0x0000000000000000        0x0 myesp8266.o
 .bss           0x0000000000000000        0x0 myesp8266.o
 .rodata        0x0000000000000000       0x36 myesp8266.o
 .text.myesp8266_send_data
                0x0000000000000000       0x38 myesp8266.o
 .text.myesp8266_init
                0x0000000000000000       0x54 myesp8266.o
 .comment       0x0000000000000000       0x12 myesp8266.o
 .eh_frame      0x0000000000000000       0x5c myesp8266.o
 .text          0x0000000000000000        0x0 lora.o
 .data          0x0000000000000000        0x0 lora.o
 .bss           0x0000000000000000        0x0 lora.o
 .eh_frame      0x0000000000000000       0x60 lora.o
 .text          0x0000000000000000        0x0 esp8266.o
 .data          0x0000000000000000        0x0 esp8266.o
 .bss           0x0000000000000000        0x0 esp8266.o
 .rodata        0x0000000000000000      0x173 esp8266.o
 .text.esp8266_check_cmd
                0x0000000000000000      0x114 esp8266.o
 .text.esp8266_send_cmd
                0x0000000000000000       0xf0 esp8266.o
 .text.esp8266_init
                0x0000000000000000      0x158 esp8266.o
 .text.esp8266_send_data
                0x0000000000000000       0x3c esp8266.o
 .comment       0x0000000000000000       0x12 esp8266.o
 .eh_frame      0x0000000000000000       0xb0 esp8266.o
 COMMON         0x0000000000000000      0x130 esp8266.o

Memory Configuration

Name             Origin             Length             Attributes
flash            0x000000001c000000 0x0000000000020000 xr
IRAM             0x0000000080000000 0x0000000000001000 rw
DRAM             0x0000000080001000 0x0000000000001000 rw
*default*        0x0000000000000000 0xffffffffffffffff

Linker script and memory map


.text           0x000000001c000000     0x5df0
                0x000000001c000000                . = ALIGN (0x4)
 *(.text .text.*)
 .text._start   0x000000001c000000     0x1128 start.o
                0x000000001c000000                _start
                0x000000001c0000ac                cpu_wait
                0x000000001c000800                m4_flash_4k
 .text          0x000000001c001128       0xbc serial.o
                0x000000001c001128                serial_out
                0x000000001c001144                outputaddr
                0x000000001c0011a4                outputstring
 .text          0x000000001c0011e4      0x148 wakeup.o
                0x000000001c0011e4                cpu_sleep
                0x000000001c00128c                wakeup_reset
 .text.GPIOInit
                0x000000001c00132c       0x98 UserGpio.o
                0x000000001c00132c                GPIOInit
 .text.bsp_init
                0x000000001c0013c4      0x108 init.o
                0x000000001c0013c4                bsp_init
 .text.AFIO_RemapConfig
                0x000000001c0014cc       0xcc ls1x_gpio.o
                0x000000001c0014cc                AFIO_RemapConfig
 .text.gpio_get_pin
                0x000000001c001598       0x50 ls1x_gpio.o
                0x000000001c001598                gpio_get_pin
 .text.gpio_write_pin
                0x000000001c0015e8       0x78 ls1x_gpio.o
                0x000000001c0015e8                gpio_write_pin
 .text.gpio_pin_remap
                0x000000001c001660      0x20c ls1x_gpio.o
                0x000000001c001660                gpio_pin_remap
 .text.myputchar
                0x000000001c00186c       0x3c ls1x_printf.o
                0x000000001c00186c                myputchar
 .text.printbase
                0x000000001c0018a8      0x160 ls1x_printf.o
                0x000000001c0018a8                printbase
 .text.puts     0x000000001c001a08       0x70 ls1x_printf.o
                0x000000001c001a08                puts
 .text.myprintf
                0x000000001c001a78      0x3a4 ls1x_printf.o
                0x000000001c001a78                myprintf
 .text.UART_Init
                0x000000001c001e1c      0x2fc ls1x_uart.o
                0x000000001c001e1c                UART_Init
 .text.UART_StructInit
                0x000000001c002118       0x7c ls1x_uart.o
                0x000000001c002118                UART_StructInit
 .text.UART_ITConfig
                0x000000001c002194       0x88 ls1x_uart.o
                0x000000001c002194                UART_ITConfig
 .text.UART_SendData
                0x000000001c00221c       0x4c ls1x_uart.o
                0x000000001c00221c                UART_SendData
 .text.UART_ReceiveData
                0x000000001c002268       0x4c ls1x_uart.o
                0x000000001c002268                UART_ReceiveData
 .text.Uart0_init
                0x000000001c0022b4       0xc4 ls1x_uart.o
                0x000000001c0022b4                Uart0_init
 .text.Uart1_init
                0x000000001c002378       0x84 ls1x_uart.o
                0x000000001c002378                Uart1_init
 .text.Uart_W_Bytes
                0x000000001c0023fc       0x70 ls1x_uart.o
                0x000000001c0023fc                Uart_W_Bytes
 .text.CLOCK_WaitForHSEStartUp
                0x000000001c00246c       0x9c ls1x_clock.o
                0x000000001c00246c                CLOCK_WaitForHSEStartUp
 .text.CLOCK_WaitForLSEStartUp
                0x000000001c002508       0xe4 ls1x_clock.o
                0x000000001c002508                CLOCK_WaitForLSEStartUp
 .text.CLOCK_HSEConfig
                0x000000001c0025ec       0xb4 ls1x_clock.o
                0x000000001c0025ec                CLOCK_HSEConfig
 .text.CLOCK_LSEConfig
                0x000000001c0026a0       0x68 ls1x_clock.o
                0x000000001c0026a0                CLOCK_LSEConfig
 .text.CLOCK_StructInit
                0x000000001c002708       0x64 ls1x_clock.o
                0x000000001c002708                CLOCK_StructInit
 .text.CLOCK_Init
                0x000000001c00276c      0x23c ls1x_clock.o
                0x000000001c00276c                CLOCK_Init
 .text.SystemClockInit
                0x000000001c0029a8       0x9c ls1x_clock.o
                0x000000001c0029a8                SystemClockInit
 .text.IsGlobalIntOpen
                0x000000001c002a44       0x38 ls1x_common.o
                0x000000001c002a44                IsGlobalIntOpen
 .text.DisableInt
                0x000000001c002a7c       0x24 ls1x_common.o
                0x000000001c002a7c                DisableInt
 .text.EnableInt
                0x000000001c002aa0       0x24 ls1x_common.o
                0x000000001c002aa0                EnableInt
 .text.Set_Timer_stop
                0x000000001c002ac4       0x20 ls1x_common.o
                0x000000001c002ac4                Set_Timer_stop
 .text.Set_Timer_clear
                0x000000001c002ae4       0x24 ls1x_common.o
                0x000000001c002ae4                Set_Timer_clear
 .text.Wake_Set
                0x000000001c002b08       0xac ls1x_common.o
                0x000000001c002b08                Wake_Set
 .text.PMU_GetRstRrc
                0x000000001c002bb4       0x6c ls1x_pmu.o
                0x000000001c002bb4                PMU_GetRstRrc
 .text.PMU_GetBootSpiStatus
                0x000000001c002c20       0x50 ls1x_pmu.o
                0x000000001c002c20                PMU_GetBootSpiStatus
 .text.ls1x_logo
                0x000000001c002c70       0x9c ls1x_logo.o
                0x000000001c002c70                ls1x_logo
 .text.get_count
                0x000000001c002d0c       0x2c ls1x_latimer.o
                0x000000001c002d0c                get_count
 .text.open_count
                0x000000001c002d38       0x24 ls1x_latimer.o
                0x000000001c002d38                open_count
 .text.start_count
                0x000000001c002d5c       0x48 ls1x_latimer.o
                0x000000001c002d5c                start_count
 .text.stop_count
                0x000000001c002da4       0x88 ls1x_latimer.o
                0x000000001c002da4                stop_count
 .text.delay_cycle
                0x000000001c002e2c       0x60 ls1x_latimer.o
                0x000000001c002e2c                delay_cycle
 .text.delay_us
                0x000000001c002e8c       0x38 ls1x_latimer.o
                0x000000001c002e8c                delay_us
 .text.delay_ms
                0x000000001c002ec4       0x40 ls1x_latimer.o
                0x000000001c002ec4                delay_ms
 .text.EXTI_ClearITPendingBit
                0x000000001c002f04       0x3c ls1x_exti.o
                0x000000001c002f04                EXTI_ClearITPendingBit
 .text.WDG_getOddValue
                0x000000001c002f40       0x88 ls1x_wdg.o
 .text.WDG_SetWatchDog
                0x000000001c002fc8       0x8c ls1x_wdg.o
                0x000000001c002fc8                WDG_SetWatchDog
 .text.WDG_DogFeed
                0x000000001c003054       0x2c ls1x_wdg.o
                0x000000001c003054                WDG_DogFeed
 .text.WdgInit  0x000000001c003080       0x30 ls1x_wdg.o
                0x000000001c003080                WdgInit
 .text.MyI2C_Start
                0x000000001c0030b0       0x88 myi2c.o
                0x000000001c0030b0                MyI2C_Start
 .text.MyI2C_Stop
                0x000000001c003138       0x70 myi2c.o
                0x000000001c003138                MyI2C_Stop
 .text.MyI2C_SendAck
                0x000000001c0031a8       0xa0 myi2c.o
                0x000000001c0031a8                MyI2C_SendAck
 .text.MyI2C_ReceiveAck
                0x000000001c003248       0xa8 myi2c.o
                0x000000001c003248                MyI2C_ReceiveAck
 .text.MyI2C_SendData
                0x000000001c0032f0       0xd0 myi2c.o
                0x000000001c0032f0                MyI2C_SendData
 .text.MyI2C_ReceiveData
                0x000000001c0033c0       0xfc myi2c.o
                0x000000001c0033c0                MyI2C_ReceiveData
 .text.MyI2C_W_Byte
                0x000000001c0034bc       0xc4 myi2c.o
                0x000000001c0034bc                MyI2C_W_Byte
 .text.MyI2C_R_Byte
                0x000000001c003580      0x110 myi2c.o
                0x000000001c003580                MyI2C_R_Byte
 .text.I2C_Init
                0x000000001c003690      0x104 ls1c102_i2c.o
                0x000000001c003690                I2C_Init
 .text.I2C_StructInit
                0x000000001c003794       0x5c ls1c102_i2c.o
                0x000000001c003794                I2C_StructInit
 .text.I2C_GenerateSTART
                0x000000001c0037f0       0x6c ls1c102_i2c.o
                0x000000001c0037f0                I2C_GenerateSTART
 .text.I2C_GenerateSTOP
                0x000000001c00385c       0x7c ls1c102_i2c.o
                0x000000001c00385c                I2C_GenerateSTOP
 .text.I2C_SendData
                0x000000001c0038d8       0x50 ls1c102_i2c.o
                0x000000001c0038d8                I2C_SendData
 .text.I2C_wait
                0x000000001c003928       0x48 ls1c102_i2c.o
                0x000000001c003928                I2C_wait
 .text.I2C_Unlock
                0x000000001c003970       0x54 ls1c102_i2c.o
                0x000000001c003970                I2C_Unlock
 .text.Adc_powerOn
                0x000000001c0039c4       0x54 ls1c102_adc.o
                0x000000001c0039c4                Adc_powerOn
 .text.Adc_open
                0x000000001c003a18       0xb0 ls1c102_adc.o
                0x000000001c003a18                Adc_open
 .text.Adc_Measure
                0x000000001c003ac8       0xdc ls1c102_adc.o
                0x000000001c003ac8                Adc_Measure
 .text.TOUCH_GetBaseVal
                0x000000001c003ba4       0x4c ls1c102_touch.o
                0x000000001c003ba4                TOUCH_GetBaseVal
 .text.TOUCH_GetCountValue
                0x000000001c003bf0       0x4c ls1c102_touch.o
                0x000000001c003bf0                TOUCH_GetCountValue
 .text.Printf_KeyChannel
                0x000000001c003c3c       0x7c ls1c102_touch.o
                0x000000001c003c3c                Printf_KeyChannel
 .text.Printf_KeyType
                0x000000001c003cb8       0x8c ls1c102_touch.o
                0x000000001c003cb8                Printf_KeyType
 .text.Printf_KeyVal
                0x000000001c003d44      0x254 ls1c102_touch.o
                0x000000001c003d44                Printf_KeyVal
 .text.TIM_GetITStatus
                0x000000001c003f98       0x4c ls1c102_ptimer.o
                0x000000001c003f98                TIM_GetITStatus
 .text.TIM_ClearIT
                0x000000001c003fe4       0x5c ls1c102_ptimer.o
                0x000000001c003fe4                TIM_ClearIT
 .text.exti_gpioa0_irq_handler
                0x000000001c004040       0x4c 1c102_Interrupt.o
                0x000000001c004040                exti_gpioa0_irq_handler
 .text.exti_gpioa1_irq_handler
                0x000000001c00408c       0x4c 1c102_Interrupt.o
                0x000000001c00408c                exti_gpioa1_irq_handler
 .text.exti_gpioa2_irq_handler
                0x000000001c0040d8       0x4c 1c102_Interrupt.o
                0x000000001c0040d8                exti_gpioa2_irq_handler
 .text.exti_gpioa3_irq_handler
                0x000000001c004124       0x4c 1c102_Interrupt.o
                0x000000001c004124                exti_gpioa3_irq_handler
 .text.exti_gpioa4_irq_handler
                0x000000001c004170       0x4c 1c102_Interrupt.o
                0x000000001c004170                exti_gpioa4_irq_handler
 .text.exti_gpioa5_irq_handler
                0x000000001c0041bc       0x4c 1c102_Interrupt.o
                0x000000001c0041bc                exti_gpioa5_irq_handler
 .text.exti_gpioa6_irq_handler
                0x000000001c004208       0x4c 1c102_Interrupt.o
                0x000000001c004208                exti_gpioa6_irq_handler
 .text.exti_gpioa7_irq_handler
                0x000000001c004254       0x4c 1c102_Interrupt.o
                0x000000001c004254                exti_gpioa7_irq_handler
 .text.exti_gpiob0_irq_handler
                0x000000001c0042a0       0x4c 1c102_Interrupt.o
                0x000000001c0042a0                exti_gpiob0_irq_handler
 .text.exti_gpiob1_irq_handler
                0x000000001c0042ec       0x4c 1c102_Interrupt.o
                0x000000001c0042ec                exti_gpiob1_irq_handler
 .text.exti_gpiob2_irq_handler
                0x000000001c004338       0x4c 1c102_Interrupt.o
                0x000000001c004338                exti_gpiob2_irq_handler
 .text.exti_gpiob3_irq_handler
                0x000000001c004384       0x4c 1c102_Interrupt.o
                0x000000001c004384                exti_gpiob3_irq_handler
 .text.exti_gpiob4_irq_handler
                0x000000001c0043d0       0x4c 1c102_Interrupt.o
                0x000000001c0043d0                exti_gpiob4_irq_handler
 .text.exti_gpiob5_irq_handler
                0x000000001c00441c       0x4c 1c102_Interrupt.o
                0x000000001c00441c                exti_gpiob5_irq_handler
 .text.exti_gpiob6_irq_handler
                0x000000001c004468       0x4c 1c102_Interrupt.o
                0x000000001c004468                exti_gpiob6_irq_handler
 .text.exti_gpiob7_irq_handler
                0x000000001c0044b4       0x4c 1c102_Interrupt.o
                0x000000001c0044b4                exti_gpiob7_irq_handler
 .text.exti_gpioc0_irq_handler
                0x000000001c004500       0x4c 1c102_Interrupt.o
                0x000000001c004500                exti_gpioc0_irq_handler
 .text.exti_gpioc1_irq_handler
                0x000000001c00454c       0x4c 1c102_Interrupt.o
                0x000000001c00454c                exti_gpioc1_irq_handler
 .text.exti_gpioc2_irq_handler
                0x000000001c004598       0x4c 1c102_Interrupt.o
                0x000000001c004598                exti_gpioc2_irq_handler
 .text.exti_gpioc3_irq_handler
                0x000000001c0045e4       0x4c 1c102_Interrupt.o
                0x000000001c0045e4                exti_gpioc3_irq_handler
 .text.exti_gpioc4_irq_handler
                0x000000001c004630       0x4c 1c102_Interrupt.o
                0x000000001c004630                exti_gpioc4_irq_handler
 .text.exti_gpioc5_irq_handler
                0x000000001c00467c       0x4c 1c102_Interrupt.o
                0x000000001c00467c                exti_gpioc5_irq_handler
 .text.exti_gpioc6_irq_handler
                0x000000001c0046c8       0x4c 1c102_Interrupt.o
                0x000000001c0046c8                exti_gpioc6_irq_handler
 .text.exti_gpioc7_irq_handler
                0x000000001c004714       0x4c 1c102_Interrupt.o
                0x000000001c004714                exti_gpioc7_irq_handler
 .text.exti_gpiod0_irq_handler
                0x000000001c004760       0x4c 1c102_Interrupt.o
                0x000000001c004760                exti_gpiod0_irq_handler
 .text.exti_gpiod1_irq_handler
                0x000000001c0047ac       0x4c 1c102_Interrupt.o
                0x000000001c0047ac                exti_gpiod1_irq_handler
 .text.exti_gpiod2_irq_handler
                0x000000001c0047f8       0x4c 1c102_Interrupt.o
                0x000000001c0047f8                exti_gpiod2_irq_handler
 .text.exti_gpiod3_irq_handler
                0x000000001c004844       0x4c 1c102_Interrupt.o
                0x000000001c004844                exti_gpiod3_irq_handler
 .text.exti_gpiod4_irq_handler
                0x000000001c004890       0x4c 1c102_Interrupt.o
                0x000000001c004890                exti_gpiod4_irq_handler
 .text.exti_gpiod5_irq_handler
                0x000000001c0048dc       0x4c 1c102_Interrupt.o
                0x000000001c0048dc                exti_gpiod5_irq_handler
 .text.exti_gpiod6_irq_handler
                0x000000001c004928       0x4c 1c102_Interrupt.o
                0x000000001c004928                exti_gpiod6_irq_handler
 .text.exti_gpiod7_irq_handler
                0x000000001c004974       0x4c 1c102_Interrupt.o
                0x000000001c004974                exti_gpiod7_irq_handler
 .text.ext_handler
                0x000000001c0049c0       0xb8 1c102_Interrupt.o
                0x000000001c0049c0                ext_handler
 .text.TIMER_WAKE_INT
                0x000000001c004a78       0x50 1c102_Interrupt.o
                0x000000001c004a78                TIMER_WAKE_INT
 .text.TOUCH    0x000000001c004ac8       0x94 1c102_Interrupt.o
                0x000000001c004ac8                TOUCH
 .text.UART2_INT
                0x000000001c004b5c       0x3c 1c102_Interrupt.o
                0x000000001c004b5c                UART2_INT
 .text.BAT_FAIL
                0x000000001c004b98       0xd8 1c102_Interrupt.o
                0x000000001c004b98                BAT_FAIL
 .text.intc_handler
                0x000000001c004c70      0x108 1c102_Interrupt.o
                0x000000001c004c70                intc_handler
 .text.TIMER_HANDLER
                0x000000001c004d78       0x38 1c102_Interrupt.o
                0x000000001c004d78                TIMER_HANDLER
 .text.main     0x000000001c004db0      0x254 1c102_main.o
                0x000000001c004db0                main
 .text.MPU9250_Init
                0x000000001c005004       0xd4 mpu9250.o
                0x000000001c005004                MPU9250_Init
 .text.MPU9250_Get_Temperature
                0x000000001c0050d8       0x7c mpu9250.o
                0x000000001c0050d8                MPU9250_Get_Temperature
 .text.MPU9250_GetRawData
                0x000000001c005154      0x31c mpu9250.o
                0x000000001c005154                MPU9250_GetRawData
 .text.Light_Init
                0x000000001c005470       0x44 light.o
                0x000000001c005470                Light_Init
 .text.Light_Get
                0x000000001c0054b4       0x3c light.o
                0x000000001c0054b4                Light_Get
 .text.OLED_WriteCommand
                0x000000001c0054f0       0x84 oled96.o
                0x000000001c0054f0                OLED_WriteCommand
 .text.OLED_WriteData
                0x000000001c005574       0x8c oled96.o
                0x000000001c005574                OLED_WriteData
 .text.OLED_Init
                0x000000001c005600      0x114 oled96.o
                0x000000001c005600                OLED_Init
 .text.OLED_SetCursor
                0x000000001c005714       0x80 oled96.o
                0x000000001c005714                OLED_SetCursor
 .text.OLED_Clear
                0x000000001c005794       0x78 oled96.o
                0x000000001c005794                OLED_Clear
 .text.OLED_ShowChar
                0x000000001c00580c      0x150 oled96.o
                0x000000001c00580c                OLED_ShowChar
 .text.OLED_Pow
                0x000000001c00595c       0x54 oled96.o
                0x000000001c00595c                OLED_Pow
 .text.OLED_ShowNum
                0x000000001c0059b0       0xe4 oled96.o
                0x000000001c0059b0                OLED_ShowNum
 .text.OLED_ShowString
                0x000000001c005a94       0x98 oled96.o
                0x000000001c005a94                OLED_ShowString
 .text.Queue_NoUse
                0x000000001c005b2c       0x6c queue.o
                0x000000001c005b2c                Queue_NoUse
 .text.Queue_Wirte
                0x000000001c005b98       0xdc queue.o
                0x000000001c005b98                Queue_Wirte
 .text.AHT10_Init
                0x000000001c005c74       0xec aht10.o
                0x000000001c005c74                AHT10_Init
 .text.Lora_Init
                0x000000001c005d60       0x30 lora.o
                0x000000001c005d60                Lora_Init
 .text.Lora_Send
                0x000000001c005d90       0x60 lora.o
                0x000000001c005d90                Lora_Send
                0x000000001c005df0                . = ALIGN (0x4)
                0x000000001c005df0                _etext = .

.rodata         0x000000001c005e00     0x1038
                0x000000001c005e00                . = ALIGN (0x4)
 *(.rodata .rodata.*)
 .rodata        0x000000001c005e00       0x1a serial.o
                0x000000001c005e00                msg_wakeup
 *fill*         0x000000001c005e1a        0x2 
 .rodata        0x000000001c005e1c       0x38 init.o
 .rodata.myprintf
                0x000000001c005e54      0x150 ls1x_printf.o
 .rodata        0x000000001c005fa4      0x387 ls1x_logo.o
 *fill*         0x000000001c00632b        0x1 
 .rodata        0x000000001c00632c       0x8d ls1c102_touch.o
 *fill*         0x000000001c0063b9        0x3 
 .rodata        0x000000001c0063bc       0xaf 1c102_Interrupt.o
 *fill*         0x000000001c00646b        0x1 
 .rodata.Ext_IrqHandle
                0x000000001c00646c       0x80 1c102_Interrupt.o
                0x000000001c00646c                Ext_IrqHandle
 .rodata.BAT_FAIL
                0x000000001c0064ec       0x44 1c102_Interrupt.o
 .rodata.__FUNCTION__.1646
                0x000000001c006530       0x18 1c102_Interrupt.o
 .rodata.__FUNCTION__.1650
                0x000000001c006548       0x18 1c102_Interrupt.o
 .rodata.__FUNCTION__.1654
                0x000000001c006560       0x18 1c102_Interrupt.o
 .rodata.__FUNCTION__.1658
                0x000000001c006578       0x18 1c102_Interrupt.o
 .rodata.__FUNCTION__.1662
                0x000000001c006590       0x18 1c102_Interrupt.o
 .rodata.__FUNCTION__.1666
                0x000000001c0065a8       0x18 1c102_Interrupt.o
 .rodata.__FUNCTION__.1670
                0x000000001c0065c0       0x18 1c102_Interrupt.o
 .rodata.__FUNCTION__.1674
                0x000000001c0065d8       0x18 1c102_Interrupt.o
 .rodata.__FUNCTION__.1678
                0x000000001c0065f0       0x18 1c102_Interrupt.o
 .rodata.__FUNCTION__.1682
                0x000000001c006608       0x18 1c102_Interrupt.o
 .rodata.__FUNCTION__.1686
                0x000000001c006620       0x18 1c102_Interrupt.o
 .rodata.__FUNCTION__.1690
                0x000000001c006638       0x18 1c102_Interrupt.o
 .rodata.__FUNCTION__.1694
                0x000000001c006650       0x18 1c102_Interrupt.o
 .rodata.__FUNCTION__.1698
                0x000000001c006668       0x18 1c102_Interrupt.o
 .rodata.__FUNCTION__.1702
                0x000000001c006680       0x18 1c102_Interrupt.o
 .rodata.__FUNCTION__.1706
                0x000000001c006698       0x18 1c102_Interrupt.o
 .rodata.__FUNCTION__.1710
                0x000000001c0066b0       0x18 1c102_Interrupt.o
 .rodata.__FUNCTION__.1714
                0x000000001c0066c8       0x18 1c102_Interrupt.o
 .rodata.__FUNCTION__.1718
                0x000000001c0066e0       0x18 1c102_Interrupt.o
 .rodata.__FUNCTION__.1722
                0x000000001c0066f8       0x18 1c102_Interrupt.o
 .rodata.__FUNCTION__.1726
                0x000000001c006710       0x18 1c102_Interrupt.o
 .rodata.__FUNCTION__.1730
                0x000000001c006728       0x18 1c102_Interrupt.o
 .rodata.__FUNCTION__.1734
                0x000000001c006740       0x18 1c102_Interrupt.o
 .rodata.__FUNCTION__.1738
                0x000000001c006758       0x18 1c102_Interrupt.o
 .rodata.__FUNCTION__.1742
                0x000000001c006770       0x18 1c102_Interrupt.o
 .rodata.__FUNCTION__.1746
                0x000000001c006788       0x18 1c102_Interrupt.o
 .rodata.__FUNCTION__.1750
                0x000000001c0067a0       0x18 1c102_Interrupt.o
 .rodata.__FUNCTION__.1754
                0x000000001c0067b8       0x18 1c102_Interrupt.o
 .rodata.__FUNCTION__.1758
                0x000000001c0067d0       0x18 1c102_Interrupt.o
 .rodata.__FUNCTION__.1762
                0x000000001c0067e8       0x18 1c102_Interrupt.o
 .rodata.__FUNCTION__.1766
                0x000000001c006800       0x18 1c102_Interrupt.o
 .rodata.__FUNCTION__.1770
                0x000000001c006818       0x18 1c102_Interrupt.o
 .rodata        0x000000001c006830       0x17 1c102_main.o
 *fill*         0x000000001c006847        0x1 
 .rodata.Char_Font_16x8
                0x000000001c006848      0x5f0 oled96.o
                0x000000001c006848                Char_Font_16x8
                0x000000001c006e38                . = ALIGN (0x4)
                0x000000001c006e38                _sidata = ALIGN (., 0x4)
                0x000000001c006e38                . = ALIGN (0x4)

.rela.dyn       0x000000001c006e38        0x0
 .rela.got      0x000000001c006e38        0x0 start.o
 .rela.rodata.myprintf
                0x000000001c006e38        0x0 start.o
 .rela.rodata.Ext_IrqHandle
                0x000000001c006e38        0x0 start.o
 .rela.rodata.BAT_FAIL
                0x000000001c006e38        0x0 start.o

.data           0x0000000080001000       0x20 load address 0x000000001c006e38
                0x0000000080001000                _sdata = .
                0x0000000080001000                . = ALIGN (0x4)
 *(.got.plt)
 .got.plt       0x0000000080001000        0x0 start.o
                0x0000000080001000                . = ALIGN (0x4)
 *(.got)
 .got           0x0000000080001000       0x14 start.o
                0x0000000080001000                _GLOBAL_OFFSET_TABLE_
                0x0000000080001014                . = ALIGN (0x4)
 *(.data .data.*)
 .data.g_SystemFreq
                0x0000000080001014        0x4 ls1x_clock.o
                0x0000000080001014                g_SystemFreq
 .data.MPU9250_I2C
                0x0000000080001018        0x2 mpu9250.o
                0x0000000080001018                MPU9250_I2C
 *fill*         0x000000008000101a        0x2 
 .data.ATH10_I2C
                0x000000008000101c        0x2 aht10.o
                0x000000008000101c                ATH10_I2C
                0x0000000080001020                . = ALIGN (0x4)
 *fill*         0x000000008000101e        0x2 
                0x0000000080001020                _edata = .

.bss            0x0000000080000000      0x134
                0x0000000080000000                _sbss = .
                0x0000000080000000                . = ALIGN (0x4)
 *(.sbss)
                0x0000000080000000                . = ALIGN (0x4)
 *(.bss .bss.*)
 .bss.receive_Data.1821
                0x0000000080000000        0x1 1c102_Interrupt.o
                0x0000000080000004                . = ALIGN (0x4)
 *fill*         0x0000000080000001        0x3 
 *(.scommon)
                0x0000000080000004                . = ALIGN (0x4)
 *(COMMON)
 COMMON         0x0000000080000004      0x130 queue.o
                0x0000000080000004                Circular_queue
                0x0000000080000134                . = ALIGN (0x4)
                0x0000000080000134                _ebss = .
LOAD start.o
LOAD serial.o
LOAD wakeup.o
LOAD UserGpio.o
LOAD init.o
LOAD ls1x_gpio.o
LOAD ls1x_spi.o
LOAD ls1x_printf.o
LOAD ls1x_uart.o
LOAD ls1x_clock.o
LOAD ls1x_common.o
LOAD ls1x_pmu.o
LOAD ls1x_logo.o
LOAD ls1x_latimer.o
LOAD ls1x_string.o
LOAD ls1x_flash.o
LOAD ls1x_rtc.o
LOAD ls1x_exti.o
LOAD ls1x_wdg.o
LOAD myi2c.o
LOAD ls1c102_i2c.o
LOAD ls1c102_vpwm.o
LOAD ls1c102_adc.o
LOAD ls1c102_touch.o
LOAD ls1c102_ptimer.o
LOAD 1c102_cmdline.o
LOAD 1c102_cmd.o
LOAD 1c102_Interrupt.o
LOAD 1c102_main.o
LOAD mpu9250.o
LOAD myoled.o
LOAD light.o
LOAD oled96.o
LOAD queue.o
LOAD aht10.o
LOAD myesp8266.o
LOAD lora.o
LOAD esp8266.o
OUTPUT(1c102_demo.elf elf32-loongarch)

.comment        0x0000000000000000       0x11
 .comment       0x0000000000000000       0x11 UserGpio.o
                                         0x12 (size before relaxing)
 .comment       0x0000000000000011       0x12 init.o
 .comment       0x0000000000000011       0x12 ls1x_gpio.o
 .comment       0x0000000000000011       0x12 ls1x_printf.o
 .comment       0x0000000000000011       0x12 ls1x_uart.o
 .comment       0x0000000000000011       0x12 ls1x_clock.o
 .comment       0x0000000000000011       0x12 ls1x_common.o
 .comment       0x0000000000000011       0x12 ls1x_pmu.o
 .comment       0x0000000000000011       0x12 ls1x_logo.o
 .comment       0x0000000000000011       0x12 ls1x_latimer.o
 .comment       0x0000000000000011       0x12 ls1x_exti.o
 .comment       0x0000000000000011       0x12 ls1x_wdg.o
 .comment       0x0000000000000011       0x12 myi2c.o
 .comment       0x0000000000000011       0x12 ls1c102_i2c.o
 .comment       0x0000000000000011       0x12 ls1c102_adc.o
 .comment       0x0000000000000011       0x12 ls1c102_touch.o
 .comment       0x0000000000000011       0x12 ls1c102_ptimer.o
 .comment       0x0000000000000011       0x12 1c102_Interrupt.o
 .comment       0x0000000000000011       0x12 1c102_main.o
 .comment       0x0000000000000011       0x12 mpu9250.o
 .comment       0x0000000000000011       0x12 light.o
 .comment       0x0000000000000011       0x12 oled96.o
 .comment       0x0000000000000011       0x12 queue.o
 .comment       0x0000000000000011       0x12 aht10.o
 .comment       0x0000000000000011       0x12 lora.o
